// Jest Snapshot v1, https://goo.gl/fbAQLP

exports[`take snapshot 1`] = `
<div
  className="Tag --ellipsis"
  data-test="container"
  onBlur={[Function]}
  style={
    Object {
      "background": "#FFFF",
    }
  }
>
  <Icon
    className="close"
    data-test="Icon"
    name="close"
    onClick={[Function]}
    pointer={true}
  />
  <span
    className="pointer"
    data-test="tag-name"
    onDoubleClick={[Function]}
  >
    testName
  </span>
</div>
`;
