// Jest Snapshot v1, https://goo.gl/fbAQLP

exports[`take snapshot 1`] = `
<div
  className="board undefined --flex "
>
  <input
    data-test="input"
    onKeyDown={[Function]}
    placeholder=""
  />
  <div
    className="contOptions"
    data-test="container"
  >
    <Component
      data-test="element"
      key="0-undefined"
    />
    <Component
      data-test="element"
      key="1-undefined"
    />
  </div>
</div>
`;
