// Jest Snapshot v1, https://goo.gl/fbAQLP

exports[`take snapshot 1`] = `
<div
  className="createLink"
>
  <h2>
    Create Link
  </h2>
  <input
    className="createLink__contInputs__title"
    onFocus={[Function]}
    placeholder="Title"
  />
  <input
    className="createLink__contInputs__url"
    onFocus={[Function]}
    placeholder="Url"
  />
  <button
    className="createLink__send"
    onClick={[Function]}
    type="button"
  >
    Send
  </button>
  <TagList
    autoHide={false}
    className="createLink__contTags --flex"
    clearAfterSelecting={true}
    clearList={false}
    onTagsSaved={[Function]}
    placeHolder="Add Tags"
    propertyFilter="name"
  />
</div>
`;
