// Jest Snapshot v1, https://goo.gl/fbAQLP

exports[`take snapshot 1`] = `
<AutoComplete
  onSelected={[MockFunction]}
  options={Array []}
>
  <div
    className="autoComplete"
  >
    <input
      autoFocus={true}
      data-test="input"
      onBlur={[Function]}
      onChange={[Function]}
      onKeyDown={[Function]}
      placeholder=""
      type="text"
    />
    <div
      className="autoComplete__contOptions"
      data-test="contOptions"
    />
  </div>
</AutoComplete>
`;
